default:
  1: |
    app.kubernetes.io/instance: RELEASE-NAME
    app.kubernetes.io/managed-by: Helm
    app.kubernetes.io/name: semantic-search-searcher
    app.kubernetes.io/version: 0.0.0
    helm.sh/chart: semantic-search-searcher-0.0.0
  2: |
    null
  3: |
    rules:
    - host: semantic-search-searcher.local
      http:
        paths:
        - backend:
            serviceName: RELEASE-NAME-semantic-search-searcher-app
            servicePort: 80
          path: /
