default:
  1: |
    labels:
      app.kubernetes.io/instance: RELEASE-NAME
      app.kubernetes.io/managed-by: Helm
      app.kubernetes.io/name: semantic-search-searcher
      app.kubernetes.io/version: 0.0.0
      helm.sh/chart: semantic-search-searcher-0.0.0
      release: RELEASE-NAME
    name: RELEASE-NAME-semantic-search-searcher
    namespace: NAMESPACE
  2: |
    namespaceSelector:
      matchNames:
      - NAMESPACE
    podMetricsEndpoints:
    - interval: 10s
      path: /metrics
      port: http
    podTargetLabels:
    - application
    - app_kubernetes_io_instance
    - app_kubernetes_io_name
    - app_kubernetes_io_version
    selector:
      matchLabels:
        app.kubernetes.io/instance: RELEASE-NAME
        app.kubernetes.io/name: semantic-search-searcher
