default:
  1: |
    app.kubernetes.io/instance: RELEASE-NAME
    app.kubernetes.io/managed-by: Helm
    app.kubernetes.io/name: semantic-search-indexer
    app.kubernetes.io/version: 0.0.0
    helm.sh/chart: semantic-search-indexer-0.0.0
  2: |
    ENABLE_METRICS: "true"
    ES_URL: http://RELEASE-NAME-elasticsearch-es-http:9200
    HTTP_LOG_LEVEL: WARNING
    LOG_LEVEL: INFO
    MINIO_HOST: RELEASE-NAME-minio:9000
    MINIO_USER: indexer
