custom values:
  1: |
    replicas: 1
    selector:
      matchLabels:
        app.kubernetes.io/instance: RELEASE-NAME
        app.kubernetes.io/name: semantic-search-indexer
    strategy:
      rollingUpdate:
        maxSurge: 1
        maxUnavailable: 0
      type: RollingUpdate
    template:
      metadata:
        annotations:
          checksum/config: abdabf9a6a86491e01f58b893f1e929f873010ab89c756e512ced5570cc8617e
        labels:
          app.kubernetes.io/instance: RELEASE-NAME
          app.kubernetes.io/name: semantic-search-indexer
          application: semantic-search-indexer
      spec:
        containers:
        - env:
          - name: MINIO_PASSWORD
            valueFrom:
              secretKeyRef:
                key: someKey
                name: some-thing
          envFrom:
          - configMapRef:
              name: RELEASE-NAME-semantic-search-indexer
          image: 007098893018.dkr.ecr.eu-central-1.amazonaws.com/semantic-search-indexer:latest
          imagePullPolicy: IfNotPresent
          livenessProbe:
            httpGet:
              path: /health
              port: http
          name: semantic-search-indexer
          ports:
          - containerPort: 8080
            name: http
            protocol: TCP
          readinessProbe:
            httpGet:
              path: /ready
              port: http
          resources:
            limits:
              cpu: 1000m
              memory: 1Gi
          securityContext: {}
          startupProbe:
            failureThreshold: 30
            httpGet:
              path: /ready
              port: http
            periodSeconds: 10
        securityContext: {}
        serviceAccountName: RELEASE-NAME-semantic-search-indexer
default:
  1: |
    replicas: 1
    selector:
      matchLabels:
        app.kubernetes.io/instance: RELEASE-NAME
        app.kubernetes.io/name: semantic-search-indexer
    strategy:
      rollingUpdate:
        maxSurge: 1
        maxUnavailable: 0
      type: RollingUpdate
    template:
      metadata:
        annotations:
          checksum/config: abdabf9a6a86491e01f58b893f1e929f873010ab89c756e512ced5570cc8617e
        labels:
          app.kubernetes.io/instance: RELEASE-NAME
          app.kubernetes.io/name: semantic-search-indexer
          application: semantic-search-indexer
      spec:
        containers:
        - envFrom:
          - configMapRef:
              name: RELEASE-NAME-semantic-search-indexer
          image: 007098893018.dkr.ecr.eu-central-1.amazonaws.com/semantic-search-indexer:0.0.0
          imagePullPolicy: IfNotPresent
          livenessProbe:
            httpGet:
              path: /health
              port: http
          name: semantic-search-indexer
          ports:
          - containerPort: 8080
            name: http
            protocol: TCP
          readinessProbe:
            httpGet:
              path: /ready
              port: http
          resources: {}
          securityContext: {}
          startupProbe:
            failureThreshold: 30
            httpGet:
              path: /ready
              port: http
            periodSeconds: 10
        securityContext: {}
        serviceAccountName: RELEASE-NAME-semantic-search-indexer
